// Jest Snapshot v1, https://goo.gl/fbAQLP

exports[`Text should match snapshot 1`] = `
<t-text>
  <mock:shadow-root>
    <style></style>
    <div class="text-0-0-2">
      <slot></slot>
    </div>
  </mock:shadow-root>
  Label
</t-text>
`;
