// Jest Snapshot v1, https://goo.gl/fbAQLP

exports[`Alert should match snapshot 1`] = `
<t-alert>
  <mock:shadow-root></mock:shadow-root>
  Notifications
</t-alert>
`;

exports[`Alert should match snapshot when opened 1`] = `
<t-alert opened="">
  <mock:shadow-root>
    <style>
      .alert-0-0-34 {
  color: #333;
  width: 100%;
  display: flex;
  padding: 1rem;
  position: relative;
  background: #eee;
  box-sizing: border-box;
  text-align: left;
  justify-content: space-between;
}
.alert__body-0-0-35 {
  display: flex;
}
.alert__headline-0-0-36 {
  color: white;
  margin: 0;
  font-size: 1rem;
}
.alert__icon-0-0-37 {
  width: 24px;
  height: 24px;
  margin: 0 0.5rem 0 0;
  display: flex;
  background: none;
  align-items: center;
  border-radius: 4px;
  justify-content: center;
}
.alert__close-0-0-38 {
  cursor: pointer;
  height: 16px;
  opacity: 0.5;
}
.alert__close-0-0-38hover {
  opacity: 1;
}
.alert--variant-primary-0-0-39 {
  color: #fff;
  background: blue;
}
.alert--variant-secondary-0-0-40 {
  color: #333;
  background: #eee;
}
.alert--variant-variant-warning-0-0-41 {
  color: #fff;
  background: orange;
}
.alert--variant-danger-0-0-42 {
  color: #fff;
  background: red;
}
.alert--variant-success-0-0-43 {
  color: #fff;
  background: green;
}
.alert--variant-info-0-0-44 {
  color: #fff;
  background: lightblue;
}
    </style>
    <div class="alert-0-0-34">
      <div class="alert__body-0-0-35">
        <div class="alert__icon-0-0-37"></div>
        <div>
          <div class="alert__headline-0-0-36"></div>
          <slot></slot>
        </div>
      </div>
      <a class="alert__close-0-0-38">
        x
      </a>
    </div>
  </mock:shadow-root>
  Notifications
</t-alert>
`;
