// Jest Snapshot v1, https://goo.gl/fbAQLP

exports[`Icon should match snapshot 1`] = `
<scale-icon path="m 10 10">
  <mock:shadow-root>
    <style>
      .\\:host-0-0-2 {
  width: 24px;
  height: 24px;
  display: inline-flex;
  align-items: center;
  justify-content: center;
}
    </style>
    <svg height="24" viewBox="0 0 26 26" width="24">
      <path d="m 10 10" fill="transparent" stroke="black"></path>
    </svg>
  </mock:shadow-root>
  Label
</scale-icon>
`;
